mysql> source room.sql
ERROR 1051 (42S02): Unknown table 'csit115.room'
ERROR 1064 (42000): You have an error in your SQL syntax; check the manual that corresponds to your MySQL server version for the right syntax to use near '(
bldgnum		INTEGER 	NOT NULL,
bldgname	VARCHAR(30)	NOT NULL, 
roomnum		INTEGER		' at line 1
ERROR 1146 (42S02): Table 'csit115.room' doesn't exist
ERROR 1146 (42S02): Table 'csit115.room' doesn't exist
ERROR 1146 (42S02): Table 'csit115.room' doesn't exist
Query OK, 0 rows affected (0.00 sec)

ERROR 1146 (42S02): Table 'csit115.room' doesn't exist
mysql> source room.sql
ERROR 1051 (42S02): Unknown table 'csit115.room'
Query OK, 0 rows affected (0.22 sec)

Query OK, 1 row affected (0.00 sec)

Query OK, 1 row affected (0.03 sec)

Query OK, 1 row affected (0.05 sec)

Query OK, 0 rows affected (0.00 sec)

+---------+----------+---------+------+
| bldgnum | bldgname | roomnum | area |
+---------+----------+---------+------+
|       3 | SCIT     |     210 |   20 |
|       3 | SCIT     |     211 |   22 |
|       3 | SCIT     |     213 |   20 |
+---------+----------+---------+------+
3 rows in set (0.02 sec)

mysql> tee warehouse.lst
